Updating (live):

    pulumi:pulumi:Stack divvy-live  warning: Attempting to deploy or update resources with 1 pending operations from previous deployment.
@ updating....
    pulumi:pulumi:Stack divvy-live running warning: Attempting to deploy or update resources with 1 pending operations from previous deployment.
    pulumi:pulumi:Stack divvy-live running (node:94787) ExperimentalWarning: SQLite is an experimental feature and might change at any time
    pulumi:pulumi:Stack divvy-live running (Use `node --trace-warnings ...` to show where the warning was created)
@ updating....
 ++ command:local:Command WebAppBuilder creating replacement (0s) [diff: ]
 ++ command:local:Command WebAppBuilder creating replacement (0s) [diff: ]; 
 ++ command:local:Command WebAppBuilder creating replacement (0s) [diff: ]; > web@0.0.0 build
 ++ command:local:Command WebAppBuilder creating replacement (0s) [diff: ]; > tsc -b && vite build
 ++ command:local:Command WebAppBuilder creating replacement (0s) [diff: ]; 
 +  pulumi-nodejs:dynamic:Resource WebAppCdnWaiter.sst.aws.DistributionDeploymentWaiter creating (0s) 
@ updating....
 ++ command:local:Command WebAppBuilder creating replacement (1s) [diff: ]; vite v6.4.2 building for production...
 ++ command:local:Command WebAppBuilder creating replacement (1s) [diff: ]; transforming...
@ updating....
 ++ command:local:Command WebAppBuilder creating replacement (2s) [diff: ]; ✓ 2219 modules transformed.
@ updating....
 ++ command:local:Command WebAppBuilder creating replacement (2s) [diff: ]; rendering chunks...
 ++ command:local:Command WebAppBuilder creating replacement (2s) [diff: ]; computing gzip size...
 ++ command:local:Command WebAppBuilder creating replacement (2s) [diff: ]; dist/index.html                           0.80 kB │ gzip:   0.48 kB
 ++ command:local:Command WebAppBuilder creating replacement (2s) [diff: ]; dist/assets/index-BLWUFQz3.css           20.06 kB │ gzip:   4.06 kB
 ++ command:local:Command WebAppBuilder creating replacement (2s) [diff: ]; dist/assets/SparklineChart-DnSsvLwh.js    0.89 kB │ gzip:   0.53 kB
 ++ command:local:Command WebAppBuilder creating replacement (2s) [diff: ]; dist/assets/Watchlist-BafGXlXz.js         2.85 kB │ gzip:   1.10 kB
 ++ command:local:Command WebAppBuilder creating replacement (2s) [diff: ]; dist/assets/Home-8lBbqJoy.js              4.37 kB │ gzip:   1.51 kB
 ++ command:local:Command WebAppBuilder creating replacement (2s) [diff: ]; dist/assets/stocks-CVHEd1MT.js           10.48 kB │ gzip:   3.29 kB
 ++ command:local:Command WebAppBuilder creating replacement (2s) [diff: ]; dist/assets/index-B9BuwLzt.js           234.26 kB │ gzip:  75.15 kB
 ++ command:local:Command WebAppBuilder creating replacement (2s) [diff: ]; dist/assets/StockDetail-DmzuR2VW.js     389.05 kB │ gzip: 107.58 kB
 ++ command:local:Command WebAppBuilder creating replacement (2s) [diff: ]; ✓ built in 1.63s
 ++ command:local:Command WebAppBuilder created replacement (2s) [diff: ]; ✓ built in 1.63s
 +- command:local:Command WebAppBuilder replacing (0s) [diff: ]; ✓ built in 1.63s
 +- command:local:Command WebAppBuilder replaced (0.00s) [diff: ]; ✓ built in 1.63s
@ updating.......................................................................................................
 +  pulumi-nodejs:dynamic:Resource WebAppCdnWaiter.sst.aws.DistributionDeploymentWaiter created (103s) 
@ updating....
 -- command:local:Command WebAppBuilder deleting original (0s) [diff: ]; ✓ built in 1.63s
 -- command:local:Command WebAppBuilder deleted original (0.01s) [diff: ]; ✓ built in 1.63s
    pulumi:pulumi:Stack divvy-live  1 warning; 2 messages
Diagnostics:
  pulumi:pulumi:Stack (divvy-live):
    warning: Attempting to deploy or update resources with 1 pending operations from previous deployment.
      * urn:pulumi:live::divvy::sst:aws:StaticSite$sst:aws:CDN$pulumi-nodejs:dynamic:Resource::WebAppCdnWaiter.sst.aws.DistributionDeploymentWaiter, interrupted while creating
    These resources are in an unknown state because the Pulumi CLI was interrupted while waiting for changes to these resources to complete. You should confirm whether or not the operations listed completed successfully by checking the state of the appropriate provider. For example, if you are using AWS, you can confirm using the AWS Console.
    
    Once you have confirmed the status of the interrupted operations, you can repair your stack using `pulumi refresh` which will refresh the state from the provider you are using and clear the pending operations if there are any.
    
    Note that `pulumi refresh` will need to be run interactively to clear pending CREATE operations.

    (node:94787) ExperimentalWarning: SQLite is an experimental feature and might change at any time
    (Use `node --trace-warnings ...` to show where the warning was created)

Outputs:
    _protect: false

Resources:
    + 1 created
    +-1 replaced
    2 changes. 15 unchanged

Duration: 1m46s

